Script started on Fri 26 Oct 2012 12:45:15 AM PDT
~
svill017@well $ ls
[0m[01;34mcs010[0m/  [01;34mcs014[0m/  [01;34mcs61[0m/     [01;32mFirefox_wallpaper.png[0m*  [01;34mWINDOWS[0m/
[01;34mcs012[0m/  [01;34mcs100[0m/  [01;34mDesktop[0m/  [01;34msummer[0m/                 [01;34mz[0m/
[m~
svill017@well $ cd cs100/hw/hw3
~/cs100/hw/hw3
svill017@well $ ls
[0m[0mfilemain.cpp[0m  [0min.txt[0m    [0mout.txt[0m     [0mString.h[0m  [0mtestString.cpp[0m  [0mtypescript[0m
[0mfork.cpp[0m      [0mMakefile[0m  [0mString.cpp[0m  [0mtemp[0m      [0mTimer.h[0m         [0mvimsoulutions.txt[0m
[m~/cs100/hw/hw3
svill017@well $ gvim & vi[K[K[K[Kvimsoulutions.txt &
[1] 29412
~/cs100/hw/hw3
svill017@well $ ls
[0m[0mfilemain.cpp[0m  [0min.txt[0m    [0mout.txt[0m     [0mString.h[0m  [0mtestString.cpp[0m  [0mtypescript[0m
[0mfork.cpp[0m      [0mMakefile[0m  [0mString.cpp[0m  [0mtemp[0m      [0mTimer.h[0m         [0mvimsoulutions.txt[0m
[m[1]+  Done                    gvim vimsoulutions.txt
~/cs100/hw/hw3
svill017@well $ make all
g++ -g String.cpp testString.cpp -o String 
g++  fork.cpp -o fork
g++  filemain.cpp Timer.h -o filemain
~/cs100/hw/hw3
svill017@well $ ls
[0m[01;32mfilemain[0m*     [0mfork.cpp[0m  [0mout.txt[0m     [0mString.h[0m        [0mTimer.h[0m
[0mfilemain.cpp[0m  [0min.txt[0m    [01;32mString[0m*     [0mtemp[0m            [0mtypescript[0m
[01;32mfork[0m*         [0mMakefile[0m  [0mString.cpp[0m  [0mtestString.cpp[0m  [0mvimsoulutions.txt[0m
[m~/cs100/hw/hw3
svill017@well $ String
constructing a variable s which contains HELLO and printing
HELLO size: 5
using default on variable e and printing now :done e has been printed 
e size : 0
using assignment operator to make copy of s and printing :HELLO
using assignment operator to make copy of s and printing now:done printing
making a copy of s2 in s3 with 2nd constructor and printing:HELLO
using empty e with assignment to equal s and printing :HELLO
printing index 0 of s :H
printing index 4 of s(should be O) :O
printing index 5 of s should be out of bonds and return 0 :out of bounds
H
making String r a reverse if s and printing :OLLEH
reversing r back to match s and printing :HELLO
finding index of H and printing :0
finding index of O and printing :4
index of z not found in HELLO
finding index of z(not found) :-1
finding pattern HE in s :0
finding pattern LO in s :3
index of a not found in HELLO
pattern as is not found in HELLO
finding pattern as(no found) in s :-1
 s is equal to s
s is not equal to pat3
pat3 is greater than s
 s is less than pat3 
 s is greater than or equal to s
 pat3 is greater than or equal to s
 s is less than or equal to s 
s is less than or equal to pat3 
using s + s and storing in pat then printing :HELLOHELLO
using += on pat itself then printing :HELLOHELLOHELLOHELLO
testing read insert some input :hi lucy hows it going
hilucyhowsitgoing
~/cs100/hw/hw3
svill017@well $ ls
[0m[01;32mfilemain[0m*     [0mfork.cpp[0m  [0mout.txt[0m     [0mString.h[0m        [0mTimer.h[0m
[0mfilemain.cpp[0m  [0min.txt[0m    [01;32mString[0m*     [0mtemp[0m            [0mtypescript[0m
[01;32mfork[0m*         [0mMakefile[0m  [0mString.cpp[0m  [0mtestString.cpp[0m  [0mvimsoulutions.txt[0m
[m~/cs100/hw/hw3
svill017@well $ fork
 i am child:612
bbbbbbbbbbbbbbbbbbbbbb i am child:614
bbbbbbbbbbbbbbbbbbbbbbbbbbbbbbbbbbbbbbbbcccccccccccccccccc i am child:615
abcccccccccccaaaabdcaabdddddddddcabdddaacbdabcdaaaabcdabbbbbcdaaaaaaaabbdddddddddddddddddddddddddddddcacaaaaaaaaaaaaaaaabbbdcacbdaaaaaaaaaaaaaaaaaaaaaaaaaaaaaaaaaaaaaaaaaaacbcdabcdaaaaaaaaaaaaaaaaaaaaaaabcdaaaaaaaaaaaaabbbcdaaaaaaaabbbbbbbbbbbbbbbcdabbcdabcdabbbbbbdddddcacbdaaaaaaaaaaaaaaaaaaaaaaaaaaaaaaaaaaaaaaaaaaaaaaaaaaaaaaaaaaaaaaaaaaaaaaaaaaaaaaaaaaaaaaaaaaaaaaaaaaaaaaaaaaaaaaaaaaaaaaaaaaaaaaaaaaaaaaaaaaaaaaaaaaaaaaaaaaaaaaaaaaaaaaaaaaaaaaaacbbbbbbbbbbdaaaaaaaaaaaaaaaaaaaaaaaaaaaaaaaaaaaaaaaaaaaaaaaaaaaaaaaaaaaaaaaaaaaaaaaaaaaaaaaaaaaaaaaaaaaaaaaaaaaaaaaaaaaaaaaaaacbdacbbbbbdacbddadcbaaaaadcbaaaaaaaaaaaaadcbaaaaaaaaaaaaaaaaaaadcccbadddddcbaddccbbadcbaddddcbadcbbbaaaaaaaaaaaaaaaaaaaadcbadccbbbbadcbaaaadcbaaaaaaaaaaaaadddcbadcbadcbbbbbbbbbadcbadcbadcbbbbbbbbbbbbbbbbadcbadcbaaddddcbaaaaaaaadcbaaadcbbadddddddddcccbaaaaaaaaaaaaadcbaadcbadcbbbbbbbbbbbbbbadcbbbbbbbbbbbadddddcbadddcbaaaaadcbadcbadddddddddddddddcbadddddddddddddddddddddddddddddddcbaaaaaaaaaaaaaaadddddddddcbaddddddddcbadddddddcbadddddddddccccccccccccbadddddcbaaaaaaadcbaddddddddcbbbaaadcbaaaaaddcbadcbbaaaaaaaaaaaaaaaadcbbbbbbbbbbbbbbbbbbbbaaaaaddddddcbaddddcbaaaaaaaaaaaaaaaadddcccccccccbaddddcbaaaaaaadddddddddcbadcbadcbbbaaaaaaddddcbaaadcbaddddddddddcbadddddcbaddcccbaaaaaadcbaaaddddcbaaaaaaaadcbadcccbadcbadddddddddddcbadddddddddddddddddddddddddcbaddddcbaaaaaaaaaaaaaadcbbbaaaaaaadccccccccccbaaaaaaaaaaaaaaaaaaaaaaaaddddddddcbaaaadcbadcbbaaadcbbbbbbbbbbadcccbbbbbadcbaaaaaaaaaaaaaaaaaaadcbadddddcbaddddddddddddddddddddcbaddddddddcbaaaaaaadcbaddddcbadcbbbbbbbbbaaaaaadddddddddddcbaddddddddddddddddddddddcbaaaadcbaadcbaaaaaaaaaaaaadcbadcbaaaaaaaaaaaaddcbccccadbcaaaaaaaaaaaaaaaaaaaaaaaaaaaaaaaaaaaaaddddddbcaadbcadbcaadddbcaaaaaaaaaaaaaaaaaaaaaaaaaaaaaadddddddddddddddddddddddddddddddbbbbcacadbbbbcadbbbbbbbbcaaaaaaaaaaadbcaaaadbcaaaaaadbcadbbbbbbcaaaaaaaaaadbcadbcadddbcadbcaaaaaaaaaaaaaddddddddddbcadbcadbcccaaaaaaaaadbcadbbbcadbcadbcadbcaaaaaaaaadbcadbbbbbbbcaddddddddddddddddddbcadbcaddddddbcaaaaaaaadbbbbbbbcadbcccccccadbcadbcadbbbbcadbcaddddddddddddbcaaaaaaaaaaaaadbccaadddddbcaaaaaaaaaaaaaaaaaaaaaaaadbcadbcaddddddbbbcaaaaaaaaaaaaaaaddddbbbbbbbcaaaaaaaadbcadbcccccaaaaaaaaaaaadbcaddddbcaadbccccccccadbbbbbbbcaaaaaaaaaaaaaaddbbbcadbcaaaaaaaaaaaaaaaaaaaaaaaaaaaadbcaaaaaaaaaadbcaaadaabcccccccccccdaabacccccccccdbacdbbbbbbbacdbaaaaaaaacdbaaaaaaaaccdbaaacdbbbacddbacccccccccccdbacdbaaaaaaaaaaaaaaaaaaacdbaaaaaaaaaaaacdbacdbacdbabcccccccdabbbbbbbcdabcdabbbbbbbbbbccccdabccccdabcdddddddddddddddabcdabcccdddddddddddddddddddabcdddddaaabbbbbcdabcdaaaaaabbcddddabcddddddaaaaaaabcdabcddaaaaaaaaaaaabcdddabbbbbbbcdabcdaaaaaaaaaaaaaaaabccccccccdabcdabcccccdabcdabcddabcccdaaabcdddddabcdabcddddddddabcddddddddddddddddddddddabccccdabcdddddddddddddabcdddddddabcaaaaaaaaaaaaaaaaaaaaaaaaaaaaaaaaaaadbcadbbbbcaddbccccadbcadbcadbcaaaaaaaadbcadbcccadbcaddddbcaaaaaaaadbcaaaaaaaaaadddbcaaaddbcaaaaaaaaaaaadbccccadbccaaadbcccccccccccccadbcadbbbbbcccaaaaaaaadbcaaaaaaaaadbcaddbccccccccccccccaaaaaadbcadbcaaaadbcadddbcadbbbcadbccccaaadbbbbbbbbcaadbcaaaaaadbbbbbbbbbbcccaaaaaaaaaaaadbbbbcadbcadddbcadbccccccccccccccadbcacccccccccdbaaaaaaaacdbacdbaaaccccdbacdbacdbbbbbbbbbbacdbcadddddddbcaaaaaaaaaaaaadbcadbcccccccccccccccccadbccccccaddddddddbccccccccccadbcadbcaddddddddddddddbcadbcaaaaaadddddddddddddddddddddddddddddddddddbcaaadbcadbcaaaaaaaaaaaaaaaaaadaabcdaaaaaaaaaaaaaaabcdddddabbbbbcdabcdddddddddddddabcdddddddddabbcdddabccccccdabcdddddddddddddabcddaaaaaaaabcddabcdddabcdddddddddabccccccccccccccccccdabcddddabcccccdabcccccdddddddddddddabcdaaabcdaabcccccccccccdbaaaaaaaaaaaaaaaaacdbbaacccccdbacdbacdbacddddbaaccccdbaaaaaaaaaaaaaaaaaaaaaaaaccccccccdbacdbaaccccccccccdbaaaaaaaaaaacdbbbbbacdddddddbacdbbbbacdbaacdbaaaaaaaaaacdbaaaacdbaaaaaaaaaaaacdbbbaaacdbaaaaacdbbbacccddddddbacccccccdbacccccccdbacccdbaaaaaaaaaaaaaaaaaaaaaaaaaaaaaaaaaaaaaaaaaaaaaaaaaaaaaaaaaaaaaaacddddddddbacddddddddddddbaaaaaaaaaaaaaaaccccdbbbaaaaacdbbbacdbacccccccccccccccccccccdbaacdbbbaaaaaaacdddddddbaaacdbaaaaaaaaaaaaaaaaaaaaaacdbacddddddddddddddddbaaaaaaaaaaaaaaacddbacdbacdddddddddddddddddddbaccccccccccccccccccccccccccddddbacccccccccccdbacdbbbbacdbaaaaaaaaaacdbacdbaacdbaaaaaaaaaaaacdbacdbacccccccccccccccccccccccccccccccccccccccccccccdbaccccccdbaacdbbbbbbaccccdbaaaacdbaaaaaccccdddddbaccccccdbbbbacdbaaaaaaaaaaccccccccccccccccdddddddbacdbacdbaaaaaaaaaaaaaaaaacccccccccccdbacdbacccdbaaaaaaaaaaaaaacdbbbacddddddddddbacddbacdbbbbaaaaaaaacdbacdbacddddddddbaaaaacddddbaccccccccccccccccccccccccccccccccdbbbacccccccccccccddddbacdbbbbbbbaccccccdbaaacdbacdddddddbaaaacdbaccccccdbaccccccccccccccdbaaaaaaaacdddbacddddddddbaacbdddaaaaaacbdaacbbbaaaddddddddcbaaaaaaaaaadddcbaaaadddddddddddddcccccbaddcbaddddddddddddddddddddddddddddddddddccccccccccccbaddddcbaaaaaaaaaaaaaaaaaaadcbadcbaaaaaaadddcccccccccccccccccccbaaaadcbadcbbbbaddddddddddddcbaaaaaaaaaaaaaaaaaaaaaaaaaaaaaaaaaaaadddddccccccbadddcbaaaaaaaaaaaaaaaaadcbadddddddddddddddccccccccccccbadddddcccccccccccccccccccccccccbaaaaaaaadcbbbbbbbbbadcbaaaaaaaaaaddddccbadddddcbadddddddcdccccccccccbadddddddddddddddddddddcbadddcbaaaaaaaaaadcbaaadddccbaaadcbadcbaaaaaaaaaaadddddddddcbaddccccbbaaaaaaaaaaaaaaaaaaaadcbaadccccccccccccccccccccccccccbadddcbaaaaaddddccccbaaaaaaaaaddccccccccccbaaaaaaaaaaaaddddddddddcbacccccccccccccddbbbbaacccccdbacccccdbaaaaaacdbbacddddddbaaacdbaaaaaaaaaaaaaaaaaaaacdbaaaaaaaaacdbaaaaaaaacdbacddddddbbaaaccccccdddddddddddddddddddddddddddbacddddbaaaaaaacddddbbbbbbbbacdbaaaaaaaaaacdbbaaaaaacccccdddddddddddddbaaaaaaaaaaaaaaaacdbacdbbbbbbaaaaacdbbbbbbbbbbbbacccccccccccccccccccdbacddddddddddddddddddddbaaaaacdbacdddddddddbaccccccdbaaaaacdddddddddddddbaccccccccdbacbaaccccbadcbabbbdddddddcabdddddddcabddddccaaaaaabbbbdccccccccccaaaaaaaabddcabdddcabddccccccaaaaaaaaaaaaaaaaaaaabbbbbbbbbbbbdddddddddcabddddddddddddddddddddddddddddddddddddddddddddcabdcaaaaabbbbddddddddddddddddddddddddddddcccabddddddddddcccccccabddddddddcabddddcabbbbbbbbbbbbbbbbbbbbbbbbbbbbbbbbbbbbbbdcabddddddcddddabbcdddddaaaaaaaaaaaaaaabcddddabcdddddaabbbbbbccccccccccccccccccdddddddabbbbbbbcccccccccccccdabbbbbbbbbcdddddabbcddaaaaabcccccccccccccccccccccccccccccccdabcdabcddddddddddddddddddddddddddddabcccccccccccccccccddddddddddddddddddabcccccccccccccccccccccccccccccccddddddddddddddddabcddabcdddddddabccccccccccddddddddddddddddddddddddddddddddddddddabcddabccccdabbbbbbbbbbbbcccccdddddddddddddddddddaaaaaaaaaaaaaaaaaaaaaaaaaaaaaaaaaaaaaaaabaaaaccccccccccccccdbacccccccccccccdbacddddbaccccccccdbaaaaaaaaaaaaaaaaaaaaaaaacddddddddbdaaaaaaaaaaaaaaaaaaaaaaaaaaaacbdaaacbdacbbbbdddacbdddaacbddddacbbbbbddddacbdddddddaaaaaacbdaaaaaaaaaaaaaaaaaaaaaaaaacbdacbddddacbdaaaaaaaaaaacbbbddddddddacbddddddaaaaaaaaaaaacbddddacbdacbdacbddaaaaaaaaaaaaaaaaaaaaaaaacbdddddddddaaaaacbdddddddddddddddddddddddddddddaaaaaaaaaacbddddddddddaaaaacbdddddddaaaaaaaacbdddaacbddddddddddddddddddaaaaaaacccccccccccccccccccccccccccccccccccbdaaaaaaaaaaacbdaaaaccbbbbbdaaaaaacbddddaacaaaaabbbbbbbbbbbbbbbbdcabdddcabbbdcaaaaaaaaaaaaaaaabbbbbddcabbbbbbbdddddccccccccccccccccabddddddddddddddddcabdddddddddddddddcabddcccccccccccccccccccccccccccccccabddddddddddddddddddddddddddddddddddddddddddddddddcabdddddddddddddddddddddddcabdddddcabbdcccccaabdddccccccaaabdcccccccccccccccccccabdcaaaaaaaaaaaaaaaaaaaaaaaaaaaaaaaaaaaaaaaaaaaaaaaaaaaaaaaaaaaaaaaabddddddddddddddddddcabddddddddddddddddddddcabdccccaaaaabddcaaaaaaaaaaaaaaaaaaaaaaaaaaaabbbbbbddcabddddddcabdddcccaaaaaaaaaaaaaaaabdddddcabbbddcabddddddddddddcabdcaaaabddddcccccabbbbbbbbbbbbbbdddddddcabdddddcabddddddddddcaaaaaabdcabdcccccabbbbbbdddddddddddddddddcabddcabddddddddddddddddddddddddcabdcccaaaaaabdccccccccccabbbbddddddddcabbbddcccaaaaabdddcccccccccccccccccccaaaaaaabdddddddddddcabbdddddddddcabdcccabdddddddcccccccccabbbbbbbbbbbbbbbbbbbdcabddddcabbbbdcaaaaaaaaaaaaaaaaaaaaaaaabddddddddddddddddddddddddddddddddddddddddddddddcabddddddddddddddddddddcabdddddddddddddddddddddddddddddddddddcabdddddddddcabdddddddcaaaaaabbbbbbbbbbbbbbbbbbbbbbdddddddddddddddddccccccccccccabddddddddddddddddcabbbbdddddddddddddddddddddddddddcaaaaaaaaaaaaaaaabdddcaaaaabcccabbbbbbbbbbbbbbccadddddddddddddddbccccccccccccadbbcadddddddddddddddddddddddddddddddddddddddddddddbcaddddddddddddbcadddbbbbbbbbbbbbbbbcadddddddddddddddbbbcadddddddddddddddbcaddddddddddddddddddddddddddddddddddddddddddddddddddddddddddbbcaaaaaaaaaaaaadddbcaadbcadbcadbbbbbcadbcadbcadddddddddddddddddddddddddddddbcaaaaaaaaaaaaadddddbcadbcaaaaaaaaaaaaaaadbbbbbbbbbbbbbbbbbbcaaadbcadbbbbccccaadbccaaaaaaaaaaaaaaaddddddddddddddddddddbcadbbbbbccccaaaaaaaaddddddddddddddbbbbbbcadbcadbcaaaaaaadbcadddddddddddddbbbbbbbbbbbbbbbbbbbbbbbbbbbbbbbbbbbbbcaaaaaddddbcaaaaaadbcaaaaaddddddddddddddddddddbcaadbcccccccccccadddddddbbbbbbcadbbbbbbbbbbcaaadbcaaadddddddddddddbcccccccccccccccccccccadbcaaaaaadddbcaddddddddddddddddddddddddddddddddddddddddddddddddddddddddddddddddddddddddddbcadbbbcadbcaaaaaaaaaaddddbbbbbbbbddcaaaaaaaaaaaaaaabddddcabdcccabdddddddddddddddddddddddddddddddddddddddddddddddddddddcabdccccccccabdddccccabbbbbbdddddddddcabbbbbbdddddddddddddddddddddddddddddddddddddddddddddddddddddddddddddddddddcabddddddcccccccccccccccccccccccccccccccccccccccaaabbbbbbbbbbbbbbbbbbbbbbbbbdcccabbdddddcccccaaaaaaaabddddddddddddddddddddddddddddddddddddddddddddddddcabdddddddddddddddddddddcaaaaaaaaaaaaaaaaaaaaaaaaaaaaaaaaaaabddcccccccccccccccccccccccccaaaaaaaabddddcabbbddddddcabbbddddddcabddddddcabdddddddcabbbddcaaaaaaaaaaaaaaabddddcabddddddddddcaaaaaaaaaabddddddddccccccccabbbbbbbbbbbbbbbbbbbbbbbbbddddddcabddddddcabdcccccacccccccccccccbbddddddddddacbdddddddddddddddddddddddddddddacbdddddddddaaaaaaaaaaaaaaaacbdaaaaaaaaaaaaacbbbbddacbddddddddacbbbbbbbbbbdddddddddddddddddddddddddddddddddddddddddddacbdddddddddddddddddddddddddddddddddddddddddacbbbbdddddddaaaacbddddddddddddddaaaaaaaaaaaaaaaaaaaacbdddddddddaaaaaaaaaaaaaaaaaacbddddddddddddddddddddddaaaacbddddddddddacbdddddddddddddddddddaacbddddddddacbbbbbdddaccbdddddddddddddddddddddddddddddddddddddddddddddddddddddddddddddddddddddddddddddddddddddddddddddddddacbdddddddddddddddaaaaacbddddddddddddddddddddddddddddddddddaacbdddddddddddddddddaaacbddddddaacbddddddddddddddddddddddddddddddddddddddddddddddddacbddddddddddddddddddddddddddacbdddddddddddddddddddddddddddacbddddddddddddddddddddacbddddddddaaaaaaaaaaaaaaacbddddddddddddddddddddddddddddddddddddddddddddddacbddddddddddddaaaaaacbdaaaaacbbdddacbdaaaaaaaaaaaaaaaaaccccccccccbddddddddddddddddddddddddaaacbddddddaaaaaacbdddddddddddacbddddddddddddddddddddddddddddddddddddddddddddddacbddddddddddddddddddaacbddddddddaaacbdaaaaacbddddddddddaaaaaaacbdddaaaaaaaaaacbdddddddacbdaaaaaaaaaaaaaaaaaacbbddddddddddacbddddddddddddddddddddddddddddddddddddddddddddddddddacbbbbdddddddddaaaaaaaaaaaaacbdddddddddddddddddddddddacbddaaaaaaaaaaacbddaaaaaaacbdddddddddddddddddddddacbdaaaaaaaaaaaaaaaaaaaaacbdacccccccbbbdacbdddddddddddddddddddddddddddddacbbbbdacccccccccccbdddacbdddddaaaaaaaaaaaaaaaaaaaacbdaaaaaaaaaaaccccccccccccccccccccccccccccccccccccccccccccccccccccccccccccccccbdaccccccccbddaaaaaaaaaaaaaaaaaacbdaaaaaaaaaaaaaaaaaaaaacbdaaaaaaaaaaaaaaaaaaaaacbdaaaaaacccbdddddaaaaaaaaaaaaaaaaacbdddddddaaaaaaaaacbddddddaaaaaaaaaaaaaaaaaaaacccbdddaaaaaaaaaaaaaaaaaaaaaaaaaacbdddddddaaaaaaaaaaaaaaaaaaaacbddaaaaaaaaaaaccccccccccccccccccbbdddddddddddddddacbddddddddddddddddddddddacbdddddacbddddddddddddddddddacbddaaaaaaaaaaacbdddddaaaaaaaaaaaaaaaaaacbbbbbddddddddddddcbbbaadcbaaaaaaaaaacbddddddddddddddddddddddddddddddddddddddddddacbbbbbbddddddddddaaaaaaaaaaaaacbddddddddaccccccbdddddddddddddddddddddddddddddddddddddddddddddddddddddddddddddddddddddddddddddddacbddaaaaaaaaaacbdddddddddddddddddaaccbbbbbbbbbbbbbddddaaaaaaaacbddddddddddddddddddddddddddddddddddddddddddddddddddddddddddaaaaaaaaaaaaaaaaaaaaaaaaaaaaaaaaacccccccbdacccccccccccccccccccccbdddddddddddddddddaacbbaaaaaacbbbbaaaaaaaaaaaaaaaaaacbdddddddddddddddddddddddddddddddddddaaaaaaccccccbddaaacbddddddddacbdddddaaaacbbddddaacbddaaaaaaaaaacbdddddddddddddddddddddddddddddddddddddddddaaaacbddddddddddddaaaaaaaaaaaaacbddddddddddaaaaacbddddddddddaaaacbdddacbddddddacbbddddddddaaaaaaaaaaaaaaaaaaaccccccccccbdddddaacbdddddddddacbddddddddddddacbdddddddddacbddddddddddddddddddddddddddddddaacbbbbbdacbdddaaacbbbbbdacbdddddddddddaccccccccccccccccccccbbdddddddaaaaaaaaaaaaaaaaacbddddddddddddddddddddddddddddddddddddddddddddacbddddddddddddddddaaaaaacbdddddddddddddddddddddddddddddddddddddddddddddddddddddddddddddddddacbdddddaaccccccccccccbdddddddddddddddddddaaccccbbbddddddddaaaaaaaacbddddddddddddddddddddddddddddddddddddddddddddddacbdddddddddddddddddacbddddddddddddddddddddddddddddddddddddddddddacbdddddddddddddddddddddddddddaaaaaaaaaacccccccbdddddddddddddddddddddaaaaaaaaaaaaaaaaaaaaaaaaaacbbbbbbdddddddaaaacbddddddddddddaaaaaaaaacbdddddddddddddaccccccccccccccbddddddddddddaaacbdaaaaaaacbddddddddddacbddacbbbbbbbbbbbddddddddddddddddddddddddddddddddddddddddddddddacbbbbbbbbbbbddddddddaaaaaaaaaaaaaaaaaaaaaaaaaaaaaaaaaaacbdddddddacbaaaaaaccccccccccbbddddddddddddddddddddacbbbbddddaaaaaaaaaaacbdddddddddddddddddddddddddddddddddddddddddddddddaccbbbbbbbbbbbdacbddddddddddddddddddddddddddddddddddddddddaaaaaaaaaacbdddddddddddddddddddddddddddddddddddaaacbdddddaaacbdddddddddddddddddddddddddddacbbbbbbddddddddddddddddddddddddddddddddddddddddddddddddddddddacbddddddddddddddddddddddacbddddddddddddaaaaaaaaaaaaaaaaaaaaaaaaaaaaacbdddaaaaaaaaaaaaaaaaaacbdddaaaaacbddddddaaacbddddddddddddddddddddddddddddddddddddddddddddddddddddddddddddddddddddacbdddddddddddddddddddddddddddddddddddddddddddddddddddddddddddddddddddddddddddddddddddddddddddddddddddddddddddddddddddddddddacbbddddddddddddddaaaaaaaacbddddddddddddddddddddddddddacbddddddddddddacbbbbbbbbddddddddddddddddddddddddddddddddddddddacbddaaaacbddddddddddddddddddddddacbddddddddddddddddaaaaaaaaaaaaaaaaaaaaaaaaaaaaaaaaaaaaaaaaaaaaaaaaaaaaaaaaaaaaaaaaaaaaaaaaaaaaaaaaaacbddaaaaaaaacbddddddddddaaaaaaaaaaaaaaaaaaaaaaaaaaaaacccccbdddaaacbdddddddaaaaaaacbdddddddddddddddddddddddddddddddddddddaaaacbbbddddddddddaaaaaaaaaaaaaacbddddddddddddddddddddddddddddddddddddddddddddddddddddddddddddddddddddddddddddddddddddddddddddddddddddddddacbdddddacbbbdddddddddddddddddacbaddddddcbaaaaaaaaaaaaaaaaddcbaddddddddddddddddcbaaaaaaaaaaaaaadddcbaaaaaaaaaaaaadddcccccccccccccccbadddddddddddcbaddddddddddcbadcbbadddddddddddddddddddddddddddddcbaaaddddddddddddddddddddddddddddddddddddddddddddddddddddddddddddddddddddddddddddddcbaddddddddddddddddddddddddddddddddddddddddddddddddcbaddddddddddddddddddddddddcccccbadddcbaaaaaaaaaaaddcbaddddddddddddddddddddddddddddcbbadddddcbadddddddddddcbaaaaaaaddddddddddddddddddddddddddcbbbadddcbadddddddddddddddddddddddddddcbaddddddddddcbbbbbaddddcbadddddddddcbaacbdddddddddddddddddddddddddddddddddddddddddddddddddddddddddddddddddddddddddddaaacccccbdaaaaaaaaaaaaaaaaaaaaaaaacbdddddddddddddddacbbbdddddddacbbbddddddddddddddddddddddddddddddddddddddddddddddddddddddddddddddddddddddddddddddddddddddddddddaaaaaaaaaaaaaaaaaaaacbdddddddddddacbdddddddddddddddddddddddddddddddddddddddddddddddddddddacbddddddddddddaaaacbdddddddddddddddddddacbddddddddacbdddddddaaaaaaaaaaaaaccccccbddddddddddddddacbdaaaaaaaaaaaacbdddddddddaaaaaaaaaaaaaaaaaaaaaaaaaaaaaaaaaacccccbdaaaaaaaaaacbdddddaaaaaaaaaaaaaaaaaaaacccccccccccccbddddddddddddaaaaaaaaaaaaaaaaaaaaaaaaaacbddddddddaaaaaaaaaaacbbbbbbbbddacbdddddddddddddddddddddddddddddacbddddddddddddddddddacbdaaaaaaaaaaaaaaaaaaaaaaacccccbddddddddacbdaaaaaaaaaaaacbddddddddddddddddddddddddddddddddddddddddacbddddddddacbdddddddddddddddddddddaaaaaaaaaaaaaaaaaaaaaaaaacbddddddaacccbddddddddaccccccbddddddaacbdddddddddddddddaacbddddddddddddddddddddddddddddddddddddddddddddddddddddddddaaacbddddddddddddddddaaaaaaaaaaaaaaaaacbbbbddddddddddddddddddddddddddddddddacbddddddddddddaaaaaaaacbddddaaaaaaaaaaaaaaaaaaacbcddddddddddddddddddddddddddddddddddddabcdccccccccccccccccccccccccccccccccccccccccccccabddddddddddddddddddddddddddddddddddcabddddddddcaaaabdddddddcabddddddddddddddddddddddddddddddddddcabdddddddcaaaaabdddddddcabdcabdddccccccccccccccccccccccccabddcaccbddacbbddddddddacbddddddddddddddddddacbbbbdddddddddddddddddddddddddddddddddddddddddddddddddddddaaacbdddddddddddddddddddddacbdddddddddddddddddddddddaaaaaaaacbdddddddddddddddddddddddddddddddddddaaaaaaaaaaaaaaaaaaaaaaaaaaaaaaaaaaaaaaaaaaaaaaaaaaaaaaaaaaaaaaaaaaaaaaaaaaaaaaaaaaaacbbbbbdaaaaaaaaaaaaccccccccccccccbdaacbdddaaaaacbddddddddddddddddddddddddddddddddddddddacbddddddddddddddddaacbbbdddddddddddddddddaacbdddddddddddddddddddacbddddddddaaaaaaacbdddddddddddddddddddacbdddddddddddddddddddddddddddddddddddddddddacbddddddddaaaacbdddddddddddddddacbdddddddddddddddddddddaaaaaacbbdddddddacbdacccccccccccccccbddddacbbbbbbbbdddddddddddddddddddddddacbddddddddaacbbbbbbbdddaccccccccccccbddddddddddddddddddddddddddddaccccccccccbdddddddddddddddddddddddddddddddddddacbdddddddddddddacbddddddddddddddaaaaaaaaaacccbdddddddddddddddddddddaaaacbddddddddddddaaaacbdaaacbddddacbdddacbbbacdbacdddddddddddddddddddddddddddbaaccccddddddddddddddddddddddddddddddddddddddddddddddddbacdbaaaaaaaaaaaaaaaaaacccccccccccdbaacdbacddddbacdbaaacddbacddddddddddddddddddddddddddddddddddddddddddddbaaaaaaacccdddbacddddddddddbacdbaaaaaacdddddddddddddddddddddddddddddddddddddddddddddddddddddddddddddddddddbacdbaaaaaaaaacddddddddddddddddbbbaccccccccccccccccccccccccdddddddddddddddddddddddddddbacdbaaaaaccccccccccccccccccdbacddddddbaccccccccccccccccccccccccdbaccdddddddddbaaaaacddddddddddbaacccdbbbbbbacddddddddddbbbbbbbbbbaccccccccccdbacdddddddddddddddddddddddddddddddddddbaaaacdbaaaaaacccccccccccccccccccdddddddddddddddddbacdbacdbaaaaaacdddddddddddddddddbacdddddddbaccccccccccdbacdddddddddbacdbbbbbbacdddddddddddddddddddddddddddddddddddddddddbacccccccccccccccddddddddddddddbaaaaaaaaaaaaaaccccdbacddddbaacccccdbaaaaaaaaaaacdbaaaaaaaaaacdbaaaaaaaaaaaaaaccdbaaaaaaaaaaaaaaaaacdbaaaaaaaacccccccccccccccccccccccccccccccdbacdbbbbbaaaaaaaaaaacccccdbaccccccccccccccccddddddddddddddddddddddddddddddddddddddddbacdbaaaaaaaaaaaaaaaccddbaccccccdbaaaacdbaaaaaaaaaacdbaaaaaaaaaaaaaacccdddddddddddddddddbaaaaaaaaaaaaaaaaaaaaaaaaaaaaaaaaaaaaaaaaacddddddddddddddddddbbbbacccbddddaaaaaaaaaaaaaaccccccccccccccccbddddddddddddddddddddddddddddddddddddddddddddddddddddddddaaaaaaaacbbbbbbbbbbbbbdddddddddddddddddddddddddddddddddddddddddddaaaaaacbddddddaaaaaaaaaaaaaaaaaaaaaaaaaaaaaacccccbdacbdddddddddddddddddddddddddddddddddddaaaaaaaaaaaaaaacbdddddddddddddddddddddddddddddddddddddddddddddddaaaaaaaaaaaaaaaaaaaaaaaaaaaaaaaacbdddddddaccccccccccccccccccccccccccccccccbddddddddacbbbbbbdddddaaaaaaaaaaaaaaaaaaaaaaaacbdddddddddddaaaaaaaaaaaaaacbddddddddddddddddacbdddddddddddddddddddddddddddddddddddacbdddddddddddddddddacbdddddddddddddddddddddddddddddacbbbdddddddddacbddddddddddddddddddddddddddddddddddddddddaacccccccccccccccccbdaaaaacbbbbbbbddaaaaaaaaacbddaaaaaacbddacbdddddddddddddddddddddddddddddaaaaaaaaacbddacbdacbddddddddddddddddddddddddddddddddddddddddddddddaaaaaaaacbdddddddddddacbbdaaaaacbdddddddddddddddddddddddddddddddddddddddddddddaaaaaaaaaaaaaaaacbddddddaaaacbbdddddddaccccccccccccccbdddddddddddddddddddddddddacbbbdddddddddddddddddddddddddddddddddddddddddddddddddddddddddddddddaaaaaaaaaaaaaaaccccccbddddddddddaacbddaaaaaaccccccccccbdaaaaaaaaaacccccccbddddddddddddddaacccccccbbddddddddddddddddddddddddddddddddddddddddddddddddddddddddddaaaaaaaaaaaaaaaaaaaaaaaaaaaaacbddddddddddddddddddaaaacbbbbddddddddddddddaaaaaaaaaaaacbddddddddddddddacbbbbbbbbbbdddaaaaaaaaaaaaaaaaaaaaaacbdddddddddaaaaacbdddddddddddddddddddddddddddddddddddddddddddddddddddddddddddddddddddddddddddddaaaaacbbbddacbddaaaaaaaaaaaaaaaaaaaaaaaaaaaaaaaaaaaaaaaaaaaaaaaaaaaaaaaaaaaaaaaaacccccbddddaaaaacbddddddddaaaaaaaaaaaaaaaaaaaaaaaacbdddddddddddddddddddddddddddddddddaaaaaaaacccccccccccccccbddddddddddddddddddddddddddddddddddddddddddaaaaacbddddaaaacccbdddddddddddddddddddaaaacbdddddaccccccccccccccccccccccbdddddddddddaccccccccbddddddddddaaaaacbddddddaaaaaaaacbddddddaaaaaaaaaaaaaaaacbdddddddddddddddddddddddaaaacbddddddddddddddddddddddddddddaaaaaaaaaaacbdddddddddddddddddddddddddddddddddaaadcbaddddddddddddddddddddddddddddddddddddddddddddddddddddddddddddddddddddddddddcbaddcbaaaaddddddddddddddddddddddddddddddddddddddddddcccbaddddddddddddddddddddddddddddddddddddddddddddcccccbaaaddddddddddcbaddddddddddddddddddddddddddddddddddddddddddddcbaaaddddddddddddddddddddddddddddddddddddddddddddcbadddddddddddcbadddddddddddddddddddddddddddddddddddddddddddddddcbaddddddddcbbbbbaaaaaaaaaadddddddddccccccccccccccccbaaaadddddddddddddcbaaaaaaaaaaaaaaaaaaaaaaaaaaaaaaaaaaaaaaaaaaaaaaaaaaaaaaaaaaaaaaaaaaaaaaaaaaaaaaaaaaaaaadddddddddddddddddddddddddddddddcbaddddddddddddddddddddcbaaaaddddddddddddddcbaaaaaaaaaaddcbadccccbbaddddddddddddddddddddddddddddddddddddddddddddddddddddddddcbaaaaaaaaaadccccccccccccccccccccccccccbbaaadcbadddddcbaaaaaaaaaddddddcbbbbbadddcbbbbbbbaddddcbadddddddddddcbaddddddddddddddddddddddddddddddddddddcccccccbadddddddddddcbadddddcbadddddddddddddddddddddddddddddddcbaddddcbaaaaaddddddddcbadddddddddddddddcbaaaaaaaaaaaaaaadddddddddddddddddddddddddddcbaaaaaaaaaaaaaaaaaaaaaaaaaadddddddddddddddddddddddddddddddddddddddcbaddddddcbaddddddddddddcbaaaaddcbaaaaddddddddddddddddddddddddddddddddddddddddddddddddddddddddddddddddddddddddddddddddddddddddddddddddddddddddddddddddddcbaaaaaaaaaaaaaaaaaaaaaaaaaaaaaddcccbaaaaaaaaaaddcbbbaddddddddddddddddddddddddddddddddddcbaaaaaaaaaaaaaaadddddddddddddddddddddddddccbbbbbbaaaaaaaaaaaaaaaaaaaaaadddddddddddddcbaaaaaaaaadddddddddcccccbadcbbbbbbbbbbbbbbbbbbbbbbbbbbbaaaaaaaaaaaaaaaaaaaaaaaaaaaaaddddddddcbbbbbbbbbbbbbbbaaaaaaaaaaaaaaaaaaaaaaaaaaaaaaaaaaaaaaaaaaaaaaaaaaaaaaaaaaaaaaaaaaaaaaaaaaaaaaaaaaaaaaaaaaaadddddddddddcbbbbbbbbbbbbaddddddddddddddddddddddcbbbbbbbbbbbbbbbbbbbbbbbbbbbbbbbbbbbbbbbbbbbbadddddcbaaaaaaaaaaaaaaaaaaaaaaacccccbaaaaaaaaaaaaaaaaaaaaaaaaaaaaaaaaaaaaaaaaaaaaaaaaaaaaaaaaaaaaaaaaaaaaaacbbbbbbbbbbbbbaacccccbbbbbbbbbaaaaacccccccccccccccccccccccccccbaaaaaaaaaaacbbbbbbbbbbbbbacccccbbbbaaaaaaaaacbbbaaacbaaaaacbbbbbbbbbbbaaaaaacbbbbbbbbbbbbbbbbbbbaccccccccbaaaaaaacbbbbaacbaaccccccccccccbaaaaaaaaaaaaaaaaacaaaaaaabcabbbbbbbbbbbbbbbbbbbbbbbbbbbbbbbbbbcaaabbbbbbbbbbbbbcccccabcaaaaaaaaaaaaaaaaaaaaaaaaaaaaaaaaabcaaaaaaaaaaaaaaaaabbbbbbbbbbbbbbbcaaaaaaaaabccccccaaaaaaaaaaaaabbbbbbbbbbbcaaaaaaaaaaaaaaaaaaaaaaaabcccccccabbbccaabcccccccccccccccccccccccccccabbbbbcccccccccabcaaaaaaaaaaaaaaaaaaaaaaaaaaaaaaaaaaaaaaaaaaaaaaaaaaaaaaaaaaaaaaaaaaaaaaaaaaaaaaaaaaaaaaaaaabcabbbbbbbbcaaaaaaabbbbbbbbbbbbbbbbbbbbbbbbbcaaaaaaaaaaaabccabbbbbcaaaaaaaaaaaaaaaaaaaabcaabbbbbbccccccccccccccccccccccccccccccccccccccccabbbcaaaaaaaaaaaaaabcccccccccccccccccabbbbcccccccccccccccccccccccccccccccccabbbbccaaaaaaaaaaabcaaaaaaaaaaaaabbbbbbcabcaaaaaaaaaaaaabccccabbbbbbbbbbbbbbbbcaaaaaaaabbbbcaaaabccabcaaaaaaaaaaaaaaaaaaaaaaaabaaaaaaaaaaaaaaaaaaaaaaaaaaaaaaaaaaaaaaaaaaaaaaaaaaaaaaaaaaaaaaaaaaaaaaaaaaaaaaaaaaaaaaaaacbbbbbbaaaaaaaaaaacbbaaaaaaaaacbaaaaaaaacccccccbaaaaaaaaaaaaaaaaaacbaaaaaaaccccbacccccccbbbbbbbbbbbaccccbbbacbbbaccccccbaaaaaacbbbaacbbbaccccccbaaaaaacbbbbbbaccccccccbacccccbaaaaaaaaccccccccccccccccccccccccccccccccccccccccccccbbbbbbbbbbbbbbbbbbbbbbbbaccccccccccccccccbaaaacccbaccccccccccbaaaaaaaaaaaaccbbacbbaccccbaaacccccccccccccccccccccccccccccbaccbbbbbbbbbbaccccccccccbbbbbbaaaaaaaaaaaaacbbbbbbbbaaaaaaaaaaaaaaaaaaaaaaaaaaacbbbbbbbbbbaaaaaaaaaaaaaaaaaaaacbbbbbaaaaaaaaaaaaaaaaaaaaacbbbbbbbbbbbbbbaaaaaaaaaacbbbbacbbbbbbbbbbbbbbbbbbbbbbbaacbaaaaaacbbbbaaaacbbbbbbbbbbaaaaacbaaaaaaaaaaaaaacbaacbbaaaaaaacbbbbbbbbbbbaaaaaaaaaaaaaaaacbaaaaaacbaaaaaaaaaaaaaaaaacbaacccccbacccccccbaaaaaaaaaaaaaaaaaaaaaaaaaaaaaaaacbaaaaaaaaaaaaacbbbbbbbbbbbbbbbbbbbbbbbaacbbbbaccccccccccccccccccccccccccccccccbaaaacbacaaaaaaaaaaaaabccccaaaaabcccccccccabbbbbbbbbcaaabbbbbcaaaaaaaaaaaaaaabbcabcccabbbbbbbbbbbbbbbbcaaabccccabbbbbbcaaaabcaaaaaaaaaaaaaabcccccabccccccccccccccccccccccccccccccabbbcaaabbcaaaaaaaaaaaaaaaabcccccccccccccccccccccccccccccccccccccccccccccccccccccccccccccccccccccccccccccccccccccabcccccccccccccccccabbbbbbbbbbbbbbbbbbbbbbbbbbbbbbbcccccccccccaaaaaaaaaaabbbcaabcaaaaabcccabbbbbbbbbbcaaaaaaaaaaaaaaaaaaaaaaabbbcaaaaaaaaaaaaaaaaaaaaaaaaaaaabcaaaaaaaaaaabbbcaaaaaaaaaaabcaaaaaaaaaaaaaaaaaabbbbbbbbbbbbbbbbbbbbcaaaaaaaaaaabbbbbbbbbbbbbbbbbbbbbbbbbbbbbbbbbbbbbbbbbbbbbbbbbbbbbbbbbbbbbbbbbbbbbbbccabcaaaaaaaaaaaaaaaaabbbbbbbbbbbbbbbbbbbbcaaaaabcaaaabcccccabbbbcccccccccccccccccccccaaaaaaaaaaaaaaaaaaaaaabcccccccaaaaaaaaaaaaaaaaaaaaaaaaaaaaaaaaabbbbcaaaaaaaaabcaaaaaaaaaaaaaaaaaaaaaabcaaaaaaaaaaaaaaaaaaaaaaaaaaaaaaaaaaaaaaaaaaaaaaaabcaaaaaaaabccccccccabbbbbbbcabcccccabbbbbbbbbcaaaabbbbbbbbbbbbbcccccaaaaaaaaaaaaaaaaaaaaaaaaaaaaaaaaaaaaaabbbbbcccabbbbbbbcaaaaaaaaaaaaabbcabbbbcaaaaaaaaaaaabcabbbbbbbbcabcccaaaaaaaaaaaaaaaaaaaaaaaaabbbbbbbbbcaaaaabcaabbbbbbbbbbbbbbbbbbbbbbbbbbbbbbbbbbbbbbbbbbbbbbbbbbbbbbbbbbbbbcccccabbbcabbbbbbbbbcaaaabbccccccccaaaaaaaaaaabcaaaaaaaaaaaaaaaaaaaaaabcaaaaaaaaaaaaabcbbccccccccccccccccccabbbbaaaaaaaaaaaaabbbbbbcaaaaaaaaaaaaaaaabccccabcccaaaaaaaaaaaaaaabcaaaaabcccccccccccabbbbbbbbbbbbbbbbbbbbbbbcaaabcaaaaaaaaabbbbbbbbbbcbbbbbacbaaaaaaaacbaaaaaaaaaaaaaaaaaaaaaaaaaaaaaaaaaacbbbbbbbbbacbbacccccccccccccbbbaccccbacccccccccbbbbbbbbaccccccccccccccccccccccccccccccccccccccccccccbaaaaaaaaaaaaaaaaaaaaaaaaaaaaaaaaaaaaaaaaaaaaaaaaaaaaaaaaaaaaaaaaaaaaaaaaaaaaaaaaaacbaaccccbaaaaaaaaccccccbaaacbaaacccccccccccccccbaaaaaaacbbbbbbbbbbbbbbbbbbbbbbbbbbbbbbbbbbbbbbbbbbbbbbbbbbbbbbbbbbbbbbbbbbbbbbbbbbbbbbbbaccccccccbaaaaaaacbaccccccccccccccccbaaaaaaaaaaaaacbbbbbbbbbbbbbbbbbbbbbbbbaaaaaaaaaaaaaaaccccccccccbbbbbbbbbbbbbbbbbaaaaaaaaaaacbbbaaccccccccbaccbacbacbaaaaaaaaaaaaaaaaaaaaaaaaaaaaaaaaacbbbbbaaaaaaacccccccccccccccbaaaaaaaaaaaaaaaaaacbbaaaaacbbaaaaaacbcccccccccccccccccaccccccccbbbbbaaaaaaaaaaaaaaaaaaacbbbbbbbaaaaaaacbbbbbbbbbbbbbbbbbbbbaccccbacbbaaaccccccccccccccccccccccccccccccbaacccbaaaaacccccccbbabbbbcccabcccccccccccccccccccccaaabbbbbbbbbbbbbbbbbbbcaaaabbbbccccccabcccccaaaaaaaaaaaaaaaaaaaaaaaaaaaabccabbcacbbbaaaacccbbbaaaaaaaaaaaaaaaaaaaaaaaaaaaaaaaaaaaaaaaaaaaaaaaaaaaaaaaaaaaaaaaaaaaaaaaaaaaaaccccbaaaacbacccccccccccccccccbbbbbbbbbbbbbbbbbbbbbbbbbbbbbbbbbbbbbbbbbbbbbbbbbbbbbbbbbbbbbbbbbbbbbbbbbbbbbbbbbbbbbbbbbbbbbbbbbbbbbbbbbbbbbbbbaaacccccccccccccccbbbaccccccccccccbbbaacbbbbaaaaaaaacbbbbbbbbbbbbbbbbbbbbbbbbbbbbbbaccccbabbbbbbbbbbbbbbbbbcabbbcaabbbbbbcabccccccccccccccccccccccccabbbbbbbbbcaabbbbbbbbbbbbbbbbbbcaaaaaaaaaaaaaaaaaaaaaaabcaaaaaaabcccbbbbbbbbbbbbbaaaacbbbbbbbbbbbbbbbbacbbaaaaaaaaccbbbbbbbbbbbbbbbbbbbbbbbbbbbbbaccccccccccccbacbbbbbbbbaccccccccccccccccccccccbaaaaaaaaaccccccbacccccccbbbbbacccbbbbacccccccccccccccccccccccbaabbbbbbbbbbbbbbbbbbbcabbcccccccaaaaaaaaabcaaaaaaabccccccccccaaaaaaaabcccccccccccccccccccccaaabbbbbbbcccccaaaaaabcaaaaabcaabccccccccaaaabbbbbbbbbbbbbbbcaaaaaaaaaaaaaaaaaabbbbbbbbbbbbbbbbbbbbbcaaacccbbbbbbbaaacbbbbbbbbbbbbaacbbbbbaccccccbaaaaaacccccccccccccccccbacccccccccccccbaccaaabcaaaaaaaaaaaabcaaaaaaaaaaaaaabbbcabbbbbcabbbbbbbbbbbccaaaaaabbbbbbbbbbbbbbbbbbbbcabbbbbbbbbbbbbbbbbbbcabbbbbbbbbbbbbbbbbbbbbbbbcabbbbbbbbbbbbbbbbbbbbbcaaaaaabcaaaaaaaaaabbbbbbcabcccccabbbbbbcaaaaaabbbbbbbbbbbbbbbbbbbbcaaaaaaaaaaaaaaaaaaaaaabcaaaaaaaaaaaaaaaaaaaaabcabcaaabccccccccccccabbbbbbbbbcaaccbbbbbbbbbbbbbbbbacbbbbbbbbbbbbbbbbbbbbbacccccbbbaccccbacccccccccccccbaaacccccccbbbaaaaacbbbaaaaacccccccbbbbbbbbbbbbbbbbbbbbbbbbbbbbbbbbbbbbbbbbbbbbbbbbbbbbbbbbbbbbbbbbbbbbbbbbbbbbbbbbbbbbbbbbbbbbbbbbbbbbbbbbbbbbbbbbbbbbbbbbbbbbbbbbbbbbbbbbbbbbbbbbacbbbbbbbbbbbbbbbbbbbbbbbbbbbbbbbbbbbbbbbbbbbbbacbbbbbbbbbbbbbbbbbbbbbbbbbaccccbbbbbbbbbaaaaacbaaacbbbbbbbbbbbbbbbbaaaaaacbaaaaaaaaaaaaaaaaaacccccccccbbbbbbbbbbbbbbbbbbbbbbbbbbbbbbbbbbbbbbbbbbbbbbbbbbbbbbbacbbbbbbbbbbbbbbbbaaaaaaaaaaaaaaaaaaaaaaaaaaaaaaaaaaaaaaaaaaaaaaaaaaaaaaaaaaaaaaaaaaaaaaaaaaaaaaaaaaaaaaaaccccccccccccccccccbacbaaacccbbbbaaacbaacccbaaaaaaaaaaaaaaaaaaaaaaacbbbaaaaaacbbbbbbbbbbbbbbbbbbbbbbbbbbbbbbbbbbbbbbbaaacbbbbbbbbbbbbbbbbbbbbabcccccccccccccccccccccccccccccccccccccaaabcccaaaaaaaaaabbbbbbbcaaaabccccccccccabbbbbbbbbbbbcaaaaaaaabbbbbbbcaaaabccccccabbbbbbbcaabbbbbbbbbbbbbbbbbbbbbbbbbbbbbbbbbbbbbbbbbbbbbbbbbbbbbbbbbbbbbbbbbbbbbbbbbbbbbbbbbbcaaabbbbbbbbbbbbbbbbbbbcabbccaaaaaaaabbbbbbbbbbbbbbbbbbbcabbbbbbcabbbbbbbbbbbbbbbbbbbbbbbbbbbbbbbbbbbbbbbbbbbbbbbbbbbbbbbbbbbbbbbbbbbbbbbbbbbbbbbbbbbbbbbbbbbbbbbbbbbbbbbbbbbbbbbbbbbbbbbbbbbbbbccccccccccabbbbcabbbbbbbbbbbbbbbbbbbbbbbbbbbbbbbbbbbbbbbbbbbbbbbbbbbbccccaabbbbbbbbbbbbbbbbbbbbbbbbbbbbbbbbbbbbbbbbbbbbcccaaabbbbbbbbbbbbbbbccccccccabbbbbbbbbccccabcccabbbbbbbbbbbbbbbbbbbbbbbbbbbbbbbbbbbbbbbbbbbbbbbbbcabbbbbbbbbbbbbbbbbbbbbbbbbbbbbbbbbbbbbbbbbbbbbbbbbbbbbbbbbbbbbbbbbbbbbbbbbbbbbbbbbbbbbbccccccccabbbbbbbbbbbbbbbbbbbbbbbbbbbbbbbbbbbbbbbbbbcaaaaabbbbbbbbbbbcaaaaaaaabbbbbbbcaaaaabbbbbbbbbbbbbbbbbbbcaabbbbcaaaaabbcccccccccccabcccabccabbbbbbbbbcabbbbbbbbbbbbcabbbbbbbbbbbbbbbbbbbbbbbbbbbbbbbbbbbbbbcaaabbbbbbbbbbbbbbbbbbbbbbbbbbbbbbbbbbbbbbbbbbbbbbbbbbbbbbbcabbbbbbbbbbbbbbbbbbbbbbcabbbbbbbbbbbbbbbbbbbbcaabbbbbbbbbbbbbcaabbcccccccabbbbbbbcccccccccccaaaaabcccccccccccccabbbbbbbbbbbcabbbbbbbbbbbbbbbbbbbbbbbbbbbbbbbbbbbbbbbbbbbbbbbbbbbbbcabbbbbbbbbbbbbbbcaabbbbbbbcaaaabbbbbbbbbcabbbbbbbbbbbcccccaabbbbbbbbbbbbbbbbbbbbbbbbbbbbbbbbbbbbbbbbbbbbbbbbbbcaabbbbbbbbbbbbbbbbbbbbbbbbbcccccaaabbbbbbbbbbbbbbbbbbbbbbbbbbbbbbbbbbbbbbbbbbbbbbbbbbbbbbbbbbcabbbbbbbbbbbbbcabbbbbbbbbbbbbbbbbbbbbbbbbbbbbbbbbbbbbbcabccaabbbbbbbbcabbbbbbccccccccccccccccccccccaaaabcaabbbbbbbbbbbbbbbbbbbbbbbbbbbbbbbbbbbbbbbbbbbbbbbbbbbbbbbbcaabbbbbbbbbbbbbbbbbbbbbbbbbbbbbccccabbbbbbbbbbbbbbbbbbbbbbbbbbbbbbbbbbbbbbbbbbbbbbbbbbbbcabbccccccccccccccccccccccccccccccabbbbbbbbbbbbcccccccccccccccccccccccccccabbbbbbbbbbbcabbbbbbbbbcabbbbcccccccccccaaabbbbbbbbbbbbbbbbbbbbbbbbbbbbbbbbbbbbbbbbbbbbcccccabbbbbbbbbbbbbbbbbbbbbbbcabbbbbbbbbbbbbbbbbbbbcaaabbbbbbbbbbbbbbbbbbbbbbbbbbbbbbbbbbbcccccccccccccccccccabccccaabbbbbbbbbbbbbbbbbbbbbbbbbbbbbbbbbbbbbbbbbbScript started on Thu 01 Nov 2012 10:03:06 PM PDT
~
svill017@well $ ls
[0m[01;34mcs010[0m/  [01;34mcs014[0m/  [01;34mcs61[0m/     [01;32mex3.asm[0m*                [01;34msummer[0m/     [01;34mWINDOWS[0m/
[01;34mcs012[0m/  [01;34mcs100[0m/  [01;34mDesktop[0m/  [01;32mFirefox_wallpaper.png[0m*  [0mtypescript[0m  [01;34mz[0m/
[m~
svill017@well $ cd cs100/hw/hw4[K3
~/cs100/hw/hw3
svill017@well $ ls
[0m[0mfilemain.cpp[0m  [0mMakefile[0m             [0mString.h.gch[0m    [0mTimer.h[0m
[0mfilemain.o[0m    [0mout.txt[0m              [0mString.o[0m        [0mtypescript[0m
[0mfork.cpp[0m      [0mSSH_AGENT_PID=22949[0m  [0mtemp[0m            [0mvimsoulutions.txt[0m
[0mhw3.tgz[0m       [0mString.cpp[0m           [0mtestString.cpp[0m
[0min.txt[0m        [0mString.h[0m             [0mtestString.o[0m
[m~/cs100/hw/hw3
svill017@well $ make filemain
g++  -c filemain.cpp
g++  filemain.cpp Timer.h -o filemain
~/cs100/hw/hw3
svill017@well $ ls
[0m[01;32mfilemain[0m*     [0mhw3.tgz[0m   [0mSSH_AGENT_PID=22949[0m  [0mString.o[0m        [0mTimer.h[0m
[0mfilemain.cpp[0m  [0min.txt[0m    [0mString.cpp[0m           [0mtemp[0m            [0mtypescript[0m
[0mfilemain.o[0m    [0mMakefile[0m  [0mString.h[0m             [0mtestString.cpp[0m  [0mvimsoulutions.txt[0m
[0mfork.cpp[0m      [0mout.txt[0m   [0mString.h.gch[0m         [0mtestString.o[0m
[m~/cs100/hw/hw3
svill017@well $ filemain /usr/shared/dict/linux.words out.xt[K[Ktxt 3
using get char took wall:1.5e-05 user:0 system:0
using read char took wall:1.30429e+09 user:-4.34251e+09 system:-1.40735e+14
using read buf took wall:-2.61746e+11 user:-3.99701 system:-2.66012e+09
~/cs100/hw/hw3
svill017@well $ filemain /usr/shared/dict/linux.words out.txt 3[K10
using get char took wall:4.5e-05 user:0 system:0
using read char took wall:1.30384e+09 user:-4.34296e+09 system:-1.40733e+14
using read buf took wall:-2.61746e+11 user:-3.99701 system:-2.66012e+09
~/cs100/hw/hw3
svill017@well $ filemain /usr/shared/dict/linux.words out.txt 10[K[K50
using get char took wall:1.2e-05 user:0 system:0
using read char took wall:1.30415e+09 user:-4.34265e+09 system:-1.40733e+14
using read buf took wall:-2.61746e+11 user:-3.99901 system:-2.66012e+09
~/cs100/hw/hw3
svill017@well $ filemain /usr/shared/dict/linux.words out.txt 50[K[K100
using get char took wall:1.9e-05 user:0 system:0
using read char took wall:1.30406e+09 user:-4.34274e+09 system:-1.40734e+14
using read buf took wall:-2.61746e+11 user:-3.99801 system:-2.66012e+09
~/cs100/hw/hw3
svill017@well $ ls
[0m[01;32mfilemain[0m*     [0mhw3.tgz[0m   [0mSSH_AGENT_PID=22949[0m  [0mString.o[0m        [0mTimer.h[0m
[0mfilemain.cpp[0m  [0min.txt[0m    [0mString.cpp[0m           [0mtemp[0m            [0mtypescript[0m
[0mfilemain.o[0m    [0mMakefile[0m  [0mString.h[0m             [0mtestString.cpp[0m  [0mvimsoulutions.txt[0m
[0mfork.cpp[0m      [0mout.txt[0m   [0mString.h.gch[0m         [0mtestString.o[0m
[m~/cs100/hw/hw3
svill017@well $ gvim filemain.cpp 
~/cs100/hw/hw3
svill017@well $ quit
bash: quit: command not found
~/cs100/hw/hw3
svill017@well $ exit
exit

Script done on Thu 01 Nov 2012 10:05:09 PM PDT
